<html>
<body>
<pre>
<h1>µVision Build Log</h1>
<h2>Tool Versions:</h2>
IDE-Version: µVision V5.23.0.0
Copyright (C) 2017 ARM Ltd and ARM Germany GmbH. All rights reserved.
License Information: Aleksander K, zaozmi, LIC=----
 
Tool Versions:
Toolchain:       MDK-Lite  Version: 5.23
Toolchain Path:  C:\Keil_v5\ARM\ARMCC\Bin
C Compiler:      Armcc.exe V5.06 update 4 (build 422)
Assembler:       Armasm.exe V5.06 update 4 (build 422)
Linker/Locator:  ArmLink.exe V5.06 update 4 (build 422)
Library Manager: ArmAr.exe V5.06 update 4 (build 422)
Hex Converter:   FromElf.exe V5.06 update 4 (build 422)
CPU DLL:         SARMCM3.DLL V5.23
Dialog DLL:      DCM.DLL V1.15.0.0
Target DLL:      STLink\ST-LINKIII-KEIL_SWO.dll V2.0.18.0
Dialog DLL:      TCM.DLL V1.27.0.0
 
<h2>Project:</h2>
C:\Projects\Kvantron\mcu\MDK-ARM\laserPhoto.uvprojx
Project File Date:  05/26/2017

<h2>Output:</h2>
*** Using Compiler 'V5.06 update 4 (build 422)', folder: 'C:\Keil_v5\ARM\ARMCC\Bin'
Build target 'laserPhoto'
compiling main.c...
../Src/main.c(82): warning:  #177-D: variable "cmd"  was declared but never referenced
  	uint8_t cmd = 0;
../Src/main.c(253): warning:  #940-D: missing return statement at end of non-void function "crc32_ether" 
  }
../Src/main.c(240): warning:  #177-D: variable "p"  was declared but never referenced
  	uint32_t *p = (uint32_t*) buf;
../Src/main.c(241): warning:  #550-D: variable "crc"  was set but never used
  	uint32_t crc, crc_reg;
../Src/main.c(241): warning:  #177-D: variable "crc_reg"  was declared but never referenced
  	uint32_t crc, crc_reg;
../Src/main.c: 5 warnings, 0 errors
linking...
Program Size: Code=11076 RO-data=352 RW-data=368 ZI-data=4328  
"laserPhoto\laserPhoto.axf" - 0 Error(s), 5 Warning(s).

<h2>Software Packages used:</h2>

Package Vendor: ARM
                http://www.keil.com/pack/ARM.CMSIS.5.0.1.pack
                ARM::CMSIS:CORE:5.0.1
                CMSIS (Cortex Microcontroller Software Interface Standard)
   * Component: CORE Version: 5.0.1

<h2>Collection of Component include folders:</h2>
  .\RTE\_laserPhoto
  C:\Keil_v5\ARM\PACK\ARM\CMSIS\5.0.1\CMSIS\Include
  C:\Keil_v5\ARM\PACK\Keil\STM32F1xx_DFP\2.2.0\Device\Include

<h2>Collection of Component Files used:</h2>

   * Component: ARM::CMSIS:CORE:5.0.1
Build Time Elapsed:  00:00:02
</pre>
</body>
</html>
